**PM2 Install
$ npm install pm2 -g

**PM2 Start
$ pm2 start ~~.js

**PM2 Stop
$ pm2 stop ~~

**node.js를 껏다 켤 필요 없이 새로고침으로 확인 하는 방법
$ pm2 start ~~.js --watch

**PM2 error log
$ pm2 log

**PM2 list
$ pm2 list

**PM2 kill
$ pm2 kill

**PM2 No Daemon
$ pm2 start main.js --watch --no-daemon

**PM2 Restart Ignore
$ pm2 start main.js --watch --ignore-watch="data/*" --no-daemon